...........................................................F............ [ 27%]
........EEE.............F............................................... [ 54%]
........................................................................ [ 82%]
...............................................                          [100%]
==================================== ERRORS ====================================
____________ ERROR at setup of test_melting_reference_and_has_melt _____________

    @pytest.fixture(scope="module")
    def melt_ref():
>       return sesam_io.load_reference(os.path.join(sesam_io.REFERENCE_DIR, MELT100 + ".csv"))
               ^^^^^^^^^^^^^^^^^^^^^^^^^^^^^^^^^^^^^^^^^^^^^^^^^^^^^^^^^^^^^^^^^^^^^^^^^^^^^^^

tests/test_reentry_model_compare.py:122: 
_ _ _ _ _ _ _ _ _ _ _ _ _ _ _ _ _ _ _ _ _ _ _ _ _ _ _ _ _ _ _ _ _ _ _ _ _ _ _ _ 

csv_path = '/Users/ashajain/Documents/University Documents /MIT Graduate Work/Research/Space Sustainability/Particle Wake Evolution/prototype/work-2026-10-08-skin/code/data/reference_runs/sphere_d100.00mm_T0300.0K_v07.50000kms_h077.500km_nowind.csv'
json_path = '/Users/ashajain/Documents/University Documents /MIT Graduate Work/Research/Space Sustainability/Particle Wake Evolution/prototype/work-2026-10-08-skin/code/data/reference_runs/sphere_d100.00mm_T0300.0K_v07.50000kms_h077.500km_nowind.json'

    def load_reference(csv_path, json_path=None):
        """Read <run>.csv and <run>.json (default: same stem) into a Reference."""
        if json_path is None:
            json_path = os.path.splitext(csv_path)[0] + ".json"
        if not os.path.isfile(json_path):
>           raise FileNotFoundError("reference JSON not found next to {}: {}".format(csv_path, json_path))
E           FileNotFoundError: reference JSON not found next to /Users/ashajain/Documents/University Documents /MIT Graduate Work/Research/Space Sustainability/Particle Wake Evolution/prototype/work-2026-10-08-skin/code/data/reference_runs/sphere_d100.00mm_T0300.0K_v07.50000kms_h077.500km_nowind.csv: /Users/ashajain/Documents/University Documents /MIT Graduate Work/Research/Space Sustainability/Particle Wake Evolution/prototype/work-2026-10-08-skin/code/data/reference_runs/sphere_d100.00mm_T0300.0K_v07.50000kms_h077.500km_nowind.json

reentry_model/sesam_io.py:70: FileNotFoundError
___________ ERROR at setup of test_melt_metrics_recover_a_known_lag ____________

    @pytest.fixture(scope="module")
    def melt_ref():
>       return sesam_io.load_reference(os.path.join(sesam_io.REFERENCE_DIR, MELT100 + ".csv"))
               ^^^^^^^^^^^^^^^^^^^^^^^^^^^^^^^^^^^^^^^^^^^^^^^^^^^^^^^^^^^^^^^^^^^^^^^^^^^^^^^

tests/test_reentry_model_compare.py:122: 
_ _ _ _ _ _ _ _ _ _ _ _ _ _ _ _ _ _ _ _ _ _ _ _ _ _ _ _ _ _ _ _ _ _ _ _ _ _ _ _ 

csv_path = '/Users/ashajain/Documents/University Documents /MIT Graduate Work/Research/Space Sustainability/Particle Wake Evolution/prototype/work-2026-10-08-skin/code/data/reference_runs/sphere_d100.00mm_T0300.0K_v07.50000kms_h077.500km_nowind.csv'
json_path = '/Users/ashajain/Documents/University Documents /MIT Graduate Work/Research/Space Sustainability/Particle Wake Evolution/prototype/work-2026-10-08-skin/code/data/reference_runs/sphere_d100.00mm_T0300.0K_v07.50000kms_h077.500km_nowind.json'

    def load_reference(csv_path, json_path=None):
        """Read <run>.csv and <run>.json (default: same stem) into a Reference."""
        if json_path is None:
            json_path = os.path.splitext(csv_path)[0] + ".json"
        if not os.path.isfile(json_path):
>           raise FileNotFoundError("reference JSON not found next to {}: {}".format(csv_path, json_path))
E           FileNotFoundError: reference JSON not found next to /Users/ashajain/Documents/University Documents /MIT Graduate Work/Research/Space Sustainability/Particle Wake Evolution/prototype/work-2026-10-08-skin/code/data/reference_runs/sphere_d100.00mm_T0300.0K_v07.50000kms_h077.500km_nowind.csv: /Users/ashajain/Documents/University Documents /MIT Graduate Work/Research/Space Sustainability/Particle Wake Evolution/prototype/work-2026-10-08-skin/code/data/reference_runs/sphere_d100.00mm_T0300.0K_v07.50000kms_h077.500km_nowind.json

reentry_model/sesam_io.py:70: FileNotFoundError
________________ ERROR at setup of test_melt_plots_are_written _________________

    @pytest.fixture(scope="module")
    def melt_ref():
>       return sesam_io.load_reference(os.path.join(sesam_io.REFERENCE_DIR, MELT100 + ".csv"))
               ^^^^^^^^^^^^^^^^^^^^^^^^^^^^^^^^^^^^^^^^^^^^^^^^^^^^^^^^^^^^^^^^^^^^^^^^^^^^^^^

tests/test_reentry_model_compare.py:122: 
_ _ _ _ _ _ _ _ _ _ _ _ _ _ _ _ _ _ _ _ _ _ _ _ _ _ _ _ _ _ _ _ _ _ _ _ _ _ _ _ 

csv_path = '/Users/ashajain/Documents/University Documents /MIT Graduate Work/Research/Space Sustainability/Particle Wake Evolution/prototype/work-2026-10-08-skin/code/data/reference_runs/sphere_d100.00mm_T0300.0K_v07.50000kms_h077.500km_nowind.csv'
json_path = '/Users/ashajain/Documents/University Documents /MIT Graduate Work/Research/Space Sustainability/Particle Wake Evolution/prototype/work-2026-10-08-skin/code/data/reference_runs/sphere_d100.00mm_T0300.0K_v07.50000kms_h077.500km_nowind.json'

    def load_reference(csv_path, json_path=None):
        """Read <run>.csv and <run>.json (default: same stem) into a Reference."""
        if json_path is None:
            json_path = os.path.splitext(csv_path)[0] + ".json"
        if not os.path.isfile(json_path):
>           raise FileNotFoundError("reference JSON not found next to {}: {}".format(csv_path, json_path))
E           FileNotFoundError: reference JSON not found next to /Users/ashajain/Documents/University Documents /MIT Graduate Work/Research/Space Sustainability/Particle Wake Evolution/prototype/work-2026-10-08-skin/code/data/reference_runs/sphere_d100.00mm_T0300.0K_v07.50000kms_h077.500km_nowind.csv: /Users/ashajain/Documents/University Documents /MIT Graduate Work/Research/Space Sustainability/Particle Wake Evolution/prototype/work-2026-10-08-skin/code/data/reference_runs/sphere_d100.00mm_T0300.0K_v07.50000kms_h077.500km_nowind.json

reentry_model/sesam_io.py:70: FileNotFoundError
=================================== FAILURES ===================================
____________ test_bookkeeping_device_against_the_melting_reference _____________

tmp_path = PosixPath('/private/var/folders/h2/sj91_4x568z5z3d6q0rh9wsh0000gn/T/pytest-of-ashajain/pytest-589/test_bookkeeping_device_agains0')

    def test_bookkeeping_device_against_the_melting_reference(tmp_path):
        """SESAM-equivalent heating + AA7075 + instant removal + k x 1e4 on the coarse mesh over the whole flight: the
        melt metrics are written and the mass follows SESAM's lumped law (2 % / 0.5 km / 2 %, spec 13.1; measured
        0.82-0.98 % / 0.10 km / -1.3 %)."""
        argv = MELT + ["--material", "AA7075", "--removal", "instant", "--runoff", "off", "--k-scale", "1e4", "--reference", MELT_100,
                       "--outdir", str(tmp_path), "--name", "bookkeeping"]
>       assert cli.main(argv) == 0
E       AssertionError: assert 2 == 0
E        +  where 2 = <function main at 0x114931300>(['run', '--diameter', '100', '--velocity', '7.5', '--altitude', ...])
E        +    where <function main at 0x114931300> = cli.main

tests/test_reentry_model_cli.py:304: AssertionError
----------------------------- Captured stderr call -----------------------------
ERROR: reference JSON not found next to /Users/ashajain/Documents/University Documents /MIT Graduate Work/Research/Space Sustainability/Particle Wake Evolution/prototype/work-2026-10-08-skin/code/data/reference_runs/sphere_d100.00mm_T0300.0K_v07.50000kms_h077.500km_nowind.csv: /Users/ashajain/Documents/University Documents /MIT Graduate Work/Research/Space Sustainability/Particle Wake Evolution/prototype/work-2026-10-08-skin/code/data/reference_runs/sphere_d100.00mm_T0300.0K_v07.50000kms_h077.500km_nowind.json
___________ test_melting_reference_runs_are_committed_and_consistent ___________

    def test_melting_reference_runs_are_committed_and_consistent():
        """The two Step 3 melting references: DRAMA's drama-AA7075 (850 K, 400 kJ/kg) on the US76 table, winds off; the
        sphere melts completely (mass 0 at the end, 'demised')."""
        for name, onset_km, end_km in zip(MELTING_REFERENCE_NAMES, (71.005, 77.104), (66.476, 73.094)):
            csv_path = os.path.join(REFERENCE_DIR, name + ".csv")
>           doc = json.load(open(os.path.join(REFERENCE_DIR, name + ".json")))
                            ^^^^^^^^^^^^^^^^^^^^^^^^^^^^^^^^^^^^^^^^^^^^^^^^^
E           FileNotFoundError: [Errno 2] No such file or directory: '/Users/ashajain/Documents/University Documents /MIT Graduate Work/Research/Space Sustainability/Particle Wake Evolution/prototype/work-2026-10-08-skin/code/data/reference_runs/sphere_d100.00mm_T0300.0K_v07.50000kms_h077.500km_nowind.json'

tests/test_reentry_model_data.py:69: FileNotFoundError
=========================== short test summary info ============================
SKIPPED [1] tests/test_reentry_model_fenicsx.py:12: could not import 'dolfinx': No module named 'dolfinx'
ERROR tests/test_reentry_model_compare.py::test_melting_reference_and_has_melt
ERROR tests/test_reentry_model_compare.py::test_melt_metrics_recover_a_known_lag
ERROR tests/test_reentry_model_compare.py::test_melt_plots_are_written - File...
FAILED tests/test_reentry_model_cli.py::test_bookkeeping_device_against_the_melting_reference
FAILED tests/test_reentry_model_data.py::test_melting_reference_runs_are_committed_and_consistent
2 failed, 258 passed, 1 skipped, 16 deselected, 3 errors in 303.27s (0:05:03)
exit 1
end 2026-10-08 00:15:34
